Archive member included because of file (symbol)

c:/winavr-20100110/bin/../lib/gcc/avr/4.3.3/avr5\libgcc.a(_mulsi3.o)
                              FAT32.o (__mulsi3)
c:/winavr-20100110/bin/../lib/gcc/avr/4.3.3/avr5\libgcc.a(_udivmodsi4.o)
                              FAT32.o (__udivmodsi4)
c:/winavr-20100110/bin/../lib/gcc/avr/4.3.3/avr5\libgcc.a(_exit.o)
                              c:/winavr-20100110/bin/../lib/gcc/avr/4.3.3/../../../../avr/lib/avr5/crtm32.o (exit)
c:/winavr-20100110/bin/../lib/gcc/avr/4.3.3/avr5\libgcc.a(_copy_data.o)
                              main.o (__do_copy_data)
c:/winavr-20100110/bin/../lib/gcc/avr/4.3.3/avr5\libgcc.a(_clear_bss.o)
                              main.o (__do_clear_bss)

Allocating common symbols
Common symbol       size              file

rtc_register        0x7               main.o
appendFileLocation  0x4               main.o
dateFAT             0x2               main.o
firstDataSector     0x4               main.o
fileSize            0x4               main.o
bytesPerSector      0x2               main.o
totalClusters       0x4               main.o
rootCluster         0x4               main.o
timeFAT             0x2               main.o
startBlock          0x4               main.o
buffer              0x200             main.o
sectorPerCluster    0x2               main.o
unusedSectors       0x4               main.o
SDHC_flag           0x1               main.o
totalBlocks         0x4               main.o
reservedSectorCount
                    0x2               main.o
time                0x9               main.o
appendStartCluster  0x4               main.o
dataString          0x64              main.o
cardType            0x1               main.o
day                 0x1               main.o
date                0xb               main.o
freeClusterCountUpdated
                    0x1               main.o
appendFileSector    0x4               main.o

Memory Configuration

Name             Origin             Length             Attributes
text             0x00000000         0x00020000         xr
data             0x00800060         0x0000ffa0         rw !x
eeprom           0x00810000         0x00010000         rw !x
fuse             0x00820000         0x00000400         rw !x
lock             0x00830000         0x00000400         rw !x
signature        0x00840000         0x00000400         rw !x
*default*        0x00000000         0xffffffff

Linker script and memory map

LOAD c:/winavr-20100110/bin/../lib/gcc/avr/4.3.3/../../../../avr/lib/avr5/crtm32.o
LOAD main.o
LOAD UART_routines.o
LOAD RTC_routines.o
LOAD i2c_routines.o
LOAD SYSTEM_functions.o
LOAD SPI_routines.o
LOAD SD_routines.o
LOAD FAT32.o
LOAD c:/winavr-20100110/bin/../lib/gcc/avr/4.3.3/../../../../avr/lib/avr5\libm.a
LOAD c:/winavr-20100110/bin/../lib/gcc/avr/4.3.3/avr5\libgcc.a
LOAD c:/winavr-20100110/bin/../lib/gcc/avr/4.3.3/../../../../avr/lib/avr5\libc.a
LOAD c:/winavr-20100110/bin/../lib/gcc/avr/4.3.3/avr5\libgcc.a

.hash
 *(.hash)

.dynsym
 *(.dynsym)

.dynstr
 *(.dynstr)

.gnu.version
 *(.gnu.version)

.gnu.version_d
 *(.gnu.version_d)

.gnu.version_r
 *(.gnu.version_r)

.rel.init
 *(.rel.init)

.rela.init
 *(.rela.init)

.rel.text
 *(.rel.text)
 *(.rel.text.*)
 *(.rel.gnu.linkonce.t*)

.rela.text
 *(.rela.text)
 *(.rela.text.*)
 *(.rela.gnu.linkonce.t*)

.rel.fini
 *(.rel.fini)

.rela.fini
 *(.rela.fini)

.rel.rodata
 *(.rel.rodata)
 *(.rel.rodata.*)
 *(.rel.gnu.linkonce.r*)

.rela.rodata
 *(.rela.rodata)
 *(.rela.rodata.*)
 *(.rela.gnu.linkonce.r*)

.rel.data
 *(.rel.data)
 *(.rel.data.*)
 *(.rel.gnu.linkonce.d*)

.rela.data
 *(.rela.data)
 *(.rela.data.*)
 *(.rela.gnu.linkonce.d*)

.rel.ctors
 *(.rel.ctors)

.rela.ctors
 *(.rela.ctors)

.rel.dtors
 *(.rel.dtors)

.rela.dtors
 *(.rela.dtors)

.rel.got
 *(.rel.got)

.rela.got
 *(.rela.got)

.rel.bss
 *(.rel.bss)

.rela.bss
 *(.rela.bss)

.rel.plt
 *(.rel.plt)

.rela.plt
 *(.rela.plt)

.text           0x00000000     0x25d4
 *(.vectors)
 .vectors       0x00000000       0x54 c:/winavr-20100110/bin/../lib/gcc/avr/4.3.3/../../../../avr/lib/avr5/crtm32.o
                0x00000000                __vectors
                0x00000000                __vector_default
 *(.vectors)
 *(.progmem.gcc*)
 *(.progmem*)
 .progmem.data  0x00000054      0x177 main.o
 .progmem.data  0x000001cb       0xe9 RTC_routines.o
 .progmem.data  0x000002b4       0xdb FAT32.o
                0x00000390                . = ALIGN (0x2)
 *fill*         0x0000038f        0x1 00
                0x00000390                __trampolines_start = .
 *(.trampolines)
 .trampolines   0x00000390        0x0 linker stubs
 *(.trampolines*)
                0x00000390                __trampolines_end = .
 *(.jumptables)
 *(.jumptables*)
 *(.lowtext)
 *(.lowtext*)
                0x00000390                __ctors_start = .
 *(.ctors)
                0x00000390                __ctors_end = .
                0x00000390                __dtors_start = .
 *(.dtors)
                0x00000390                __dtors_end = .
 SORT(*)(.ctors)
 SORT(*)(.dtors)
 *(.init0)
 .init0         0x00000390        0x0 c:/winavr-20100110/bin/../lib/gcc/avr/4.3.3/../../../../avr/lib/avr5/crtm32.o
                0x00000390                __init
 *(.init0)
 *(.init1)
 *(.init1)
 *(.init2)
 .init2         0x00000390        0xc c:/winavr-20100110/bin/../lib/gcc/avr/4.3.3/../../../../avr/lib/avr5/crtm32.o
 *(.init2)
 *(.init3)
 *(.init3)
 *(.init4)
 .init4         0x0000039c       0x16 c:/winavr-20100110/bin/../lib/gcc/avr/4.3.3/avr5\libgcc.a(_copy_data.o)
                0x0000039c                __do_copy_data
 .init4         0x000003b2       0x10 c:/winavr-20100110/bin/../lib/gcc/avr/4.3.3/avr5\libgcc.a(_clear_bss.o)
                0x000003b2                __do_clear_bss
 *(.init4)
 *(.init5)
 *(.init5)
 *(.init6)
 *(.init6)
 *(.init7)
 *(.init7)
 *(.init8)
 *(.init8)
 *(.init9)
 .init9         0x000003c2        0x8 c:/winavr-20100110/bin/../lib/gcc/avr/4.3.3/../../../../avr/lib/avr5/crtm32.o
 *(.init9)
 *(.text)
 .text          0x000003ca        0x4 c:/winavr-20100110/bin/../lib/gcc/avr/4.3.3/../../../../avr/lib/avr5/crtm32.o
                0x000003ca                __vector_1
                0x000003ca                __vector_12
                0x000003ca                __bad_interrupt
                0x000003ca                __vector_6
                0x000003ca                __vector_3
                0x000003ca                __vector_11
                0x000003ca                __vector_13
                0x000003ca                __vector_17
                0x000003ca                __vector_19
                0x000003ca                __vector_7
                0x000003ca                __vector_5
                0x000003ca                __vector_4
                0x000003ca                __vector_9
                0x000003ca                __vector_2
                0x000003ca                __vector_15
                0x000003ca                __vector_8
                0x000003ca                __vector_14
                0x000003ca                __vector_10
                0x000003ca                __vector_16
                0x000003ca                __vector_18
                0x000003ca                __vector_20
 .text          0x000003ce      0x220 main.o
                0x0000048a                recordData
                0x00000508                main
                0x000003ce                readData
 .text          0x000005ee       0xd0 UART_routines.o
                0x000005fe                transmitByte
                0x0000060e                transmitString_F
                0x00000636                transmitHex
                0x000005ee                USART_Init
                0x00000622                transmitString
                0x00000606                receiveByte
 .text          0x000006be      0x65e RTC_routines.o
                0x00000c62                RTC_getTime
                0x000006be                RTC_updateRegisters
                0x000007dc                RTC_writeDate
                0x00000cf0                RTC_displayTime
                0x000008fa                RTC_updateTime
                0x0000077c                RTC_displayDay
                0x00000838                RTC_updateDate
                0x00000ba8                RTC_getDate
                0x00000c32                RTC_displayDate
                0x000008aa                RTC_writeTime
                0x00000ab0                getDateTime_FAT
                0x00000a1a                RTC_setStartAddress
                0x00000a46                RTC_read
 .text          0x00000d1c       0xc2 i2c_routines.o
                0x00000d88                i2c_sendData
                0x00000d1c                twi_init
                0x00000d26                i2c_start
                0x00000d5a                i2c_sendAddress
                0x00000d40                i2c_repeatStart
                0x00000dd8                i2c_stop
                0x00000da4                i2c_receiveData_ACK
                0x00000dbe                i2c_receiveData_NACK
 .text          0x00000dde       0x3e SYSTEM_functions.o
                0x00000dde                port_init
                0x00000df8                blinkRedLED
                0x00000e1a                numberToChar
 .text          0x00000e1c       0x1e SPI_routines.o
                0x00000e24                SPI_transmit
                0x00000e1c                spi_init
                0x00000e2e                SPI_receive
 .text          0x00000e3a      0x348 SD_routines.o
                0x00000f12                SD_erase
                0x00000f78                SD_writeSingleBlock
                0x00000e3a                SD_sendCommand
                0x00001014                SD_readSingleBlock
                0x00001076                SD_init
 .text          0x00001182     0x13cc FAT32.o
                0x0000185a                getSetNextCluster
                0x00001d48                readFile
                0x000013ae                convertFileName
                0x000014be                getSetFreeCluster
                0x00001d2c                deleteFile
                0x0000129a                searchNextFreeCluster
                0x00001ef4                writeFile
                0x000015cc                freeMemoryUpdate
                0x0000168e                getBootSectorData
                0x00001954                findFiles
                0x00001182                getFirstSector
                0x000011cc                displayMemory
 .text          0x0000254e        0x0 c:/winavr-20100110/bin/../lib/gcc/avr/4.3.3/avr5\libgcc.a(_mulsi3.o)
 .text          0x0000254e        0x0 c:/winavr-20100110/bin/../lib/gcc/avr/4.3.3/avr5\libgcc.a(_udivmodsi4.o)
 .text          0x0000254e        0x0 c:/winavr-20100110/bin/../lib/gcc/avr/4.3.3/avr5\libgcc.a(_exit.o)
 .text          0x0000254e        0x0 c:/winavr-20100110/bin/../lib/gcc/avr/4.3.3/avr5\libgcc.a(_copy_data.o)
 .text          0x0000254e        0x0 c:/winavr-20100110/bin/../lib/gcc/avr/4.3.3/avr5\libgcc.a(_clear_bss.o)
                0x0000254e                . = ALIGN (0x2)
 *(.text.*)
 .text.libgcc   0x0000254e       0x3e c:/winavr-20100110/bin/../lib/gcc/avr/4.3.3/avr5\libgcc.a(_mulsi3.o)
                0x0000254e                __mulsi3
 .text.libgcc   0x0000258c       0x44 c:/winavr-20100110/bin/../lib/gcc/avr/4.3.3/avr5\libgcc.a(_udivmodsi4.o)
                0x0000258c                __udivmodsi4
 .text.libgcc   0x000025d0        0x0 c:/winavr-20100110/bin/../lib/gcc/avr/4.3.3/avr5\libgcc.a(_exit.o)
 .text.libgcc   0x000025d0        0x0 c:/winavr-20100110/bin/../lib/gcc/avr/4.3.3/avr5\libgcc.a(_copy_data.o)
 .text.libgcc   0x000025d0        0x0 c:/winavr-20100110/bin/../lib/gcc/avr/4.3.3/avr5\libgcc.a(_clear_bss.o)
                0x000025d0                . = ALIGN (0x2)
 *(.fini9)
 .fini9         0x000025d0        0x0 c:/winavr-20100110/bin/../lib/gcc/avr/4.3.3/avr5\libgcc.a(_exit.o)
                0x000025d0                exit
                0x000025d0                _exit
 *(.fini9)
 *(.fini8)
 *(.fini8)
 *(.fini7)
 *(.fini7)
 *(.fini6)
 *(.fini6)
 *(.fini5)
 *(.fini5)
 *(.fini4)
 *(.fini4)
 *(.fini3)
 *(.fini3)
 *(.fini2)
 *(.fini2)
 *(.fini1)
 *(.fini1)
 *(.fini0)
 .fini0         0x000025d0        0x4 c:/winavr-20100110/bin/../lib/gcc/avr/4.3.3/avr5\libgcc.a(_exit.o)
 *(.fini0)
                0x000025d4                _etext = .

.data           0x00800060       0x26 load address 0x000025d4
                0x00800060                PROVIDE (__data_start, .)
 *(.data)
 .data          0x00800060        0x0 c:/winavr-20100110/bin/../lib/gcc/avr/4.3.3/../../../../avr/lib/avr5/crtm32.o
 .data          0x00800060        0x7 main.o
 .data          0x00800067        0xb UART_routines.o
 .data          0x00800072        0x0 RTC_routines.o
 .data          0x00800072        0x0 i2c_routines.o
 .data          0x00800072        0x0 SYSTEM_functions.o
 .data          0x00800072        0x0 SPI_routines.o
 .data          0x00800072        0x0 SD_routines.o
 .data          0x00800072       0x14 FAT32.o
 .data          0x00800086        0x0 c:/winavr-20100110/bin/../lib/gcc/avr/4.3.3/avr5\libgcc.a(_mulsi3.o)
 .data          0x00800086        0x0 c:/winavr-20100110/bin/../lib/gcc/avr/4.3.3/avr5\libgcc.a(_udivmodsi4.o)
 .data          0x00800086        0x0 c:/winavr-20100110/bin/../lib/gcc/avr/4.3.3/avr5\libgcc.a(_exit.o)
 .data          0x00800086        0x0 c:/winavr-20100110/bin/../lib/gcc/avr/4.3.3/avr5\libgcc.a(_copy_data.o)
 .data          0x00800086        0x0 c:/winavr-20100110/bin/../lib/gcc/avr/4.3.3/avr5\libgcc.a(_clear_bss.o)
 *(.data*)
 *(.rodata)
 *(.rodata*)
 *(.gnu.linkonce.d*)
                0x00800086                . = ALIGN (0x2)
                0x00800086                _edata = .
                0x00800086                PROVIDE (__data_end, .)

.bss            0x00800086      0x2b5
                0x00800086                PROVIDE (__bss_start, .)
 *(.bss)
 .bss           0x00800086        0x0 c:/winavr-20100110/bin/../lib/gcc/avr/4.3.3/../../../../avr/lib/avr5/crtm32.o
 .bss           0x00800086        0x0 main.o
 .bss           0x00800086        0x0 UART_routines.o
 .bss           0x00800086        0x0 RTC_routines.o
 .bss           0x00800086        0x0 i2c_routines.o
 .bss           0x00800086        0x0 SYSTEM_functions.o
 .bss           0x00800086        0x0 SPI_routines.o
 .bss           0x00800086        0x0 SD_routines.o
 .bss           0x00800086        0x0 FAT32.o
 .bss           0x00800086        0x0 c:/winavr-20100110/bin/../lib/gcc/avr/4.3.3/avr5\libgcc.a(_mulsi3.o)
 .bss           0x00800086        0x0 c:/winavr-20100110/bin/../lib/gcc/avr/4.3.3/avr5\libgcc.a(_udivmodsi4.o)
 .bss           0x00800086        0x0 c:/winavr-20100110/bin/../lib/gcc/avr/4.3.3/avr5\libgcc.a(_exit.o)
 .bss           0x00800086        0x0 c:/winavr-20100110/bin/../lib/gcc/avr/4.3.3/avr5\libgcc.a(_copy_data.o)
 .bss           0x00800086        0x0 c:/winavr-20100110/bin/../lib/gcc/avr/4.3.3/avr5\libgcc.a(_clear_bss.o)
 *(.bss*)
 *(COMMON)
 COMMON         0x00800086      0x2b5 main.o
                0x00800086                rtc_register
                0x0080008d                appendFileLocation
                0x00800091                dateFAT
                0x00800093                firstDataSector
                0x00800097                fileSize
                0x0080009b                bytesPerSector
                0x0080009d                totalClusters
                0x008000a1                rootCluster
                0x008000a5                timeFAT
                0x008000a7                startBlock
                0x008000ab                buffer
                0x008002ab                sectorPerCluster
                0x008002ad                unusedSectors
                0x008002b1                SDHC_flag
                0x008002b2                totalBlocks
                0x008002b6                reservedSectorCount
                0x008002b8                time
                0x008002c1                appendStartCluster
                0x008002c5                dataString
                0x00800329                cardType
                0x0080032a                day
                0x0080032b                date
                0x00800336                freeClusterCountUpdated
                0x00800337                appendFileSector
                0x0080033b                PROVIDE (__bss_end, .)
                0x000025d4                __data_load_start = LOADADDR (.data)
                0x000025fa                __data_load_end = (__data_load_start + SIZEOF (.data))

.noinit         0x0080033b        0x0
                0x0080033b                PROVIDE (__noinit_start, .)
 *(.noinit*)
                0x0080033b                PROVIDE (__noinit_end, .)
                0x0080033b                _end = .
                0x0080033b                PROVIDE (__heap_start, .)

.eeprom         0x00810000        0x0
 *(.eeprom*)
                0x00810000                __eeprom_end = .

.fuse
 *(.fuse)
 *(.lfuse)
 *(.hfuse)
 *(.efuse)

.lock
 *(.lock*)

.signature
 *(.signature*)

.stab
 *(.stab)

.stabstr
 *(.stabstr)

.stab.excl
 *(.stab.excl)

.stab.exclstr
 *(.stab.exclstr)

.stab.index
 *(.stab.index)

.stab.indexstr
 *(.stab.indexstr)

.comment
 *(.comment)

.debug
 *(.debug)

.line
 *(.line)

.debug_srcinfo
 *(.debug_srcinfo)

.debug_sfnames
 *(.debug_sfnames)

.debug_aranges  0x00000000      0x100
 *(.debug_aranges)
 .debug_aranges
                0x00000000       0x20 main.o
 .debug_aranges
                0x00000020       0x20 UART_routines.o
 .debug_aranges
                0x00000040       0x20 RTC_routines.o
 .debug_aranges
                0x00000060       0x20 i2c_routines.o
 .debug_aranges
                0x00000080       0x20 SYSTEM_functions.o
 .debug_aranges
                0x000000a0       0x20 SPI_routines.o
 .debug_aranges
                0x000000c0       0x20 SD_routines.o
 .debug_aranges
                0x000000e0       0x20 FAT32.o

.debug_pubnames
                0x00000000      0x7dd
 *(.debug_pubnames)
 .debug_pubnames
                0x00000000      0x1c2 main.o
 .debug_pubnames
                0x000001c2       0x7a UART_routines.o
 .debug_pubnames
                0x0000023c      0x14b RTC_routines.o
 .debug_pubnames
                0x00000387       0xa4 i2c_routines.o
 .debug_pubnames
                0x0000042b       0x41 SYSTEM_functions.o
 .debug_pubnames
                0x0000046c       0x40 SPI_routines.o
 .debug_pubnames
                0x000004ac       0xb2 SD_routines.o
 .debug_pubnames
                0x0000055e      0x27f FAT32.o

.debug_info     0x00000000     0x2280
 *(.debug_info)
 .debug_info    0x00000000      0x5d4 main.o
 .debug_info    0x000005d4      0x23b UART_routines.o
 .debug_info    0x0000080f      0x5a2 RTC_routines.o
 .debug_info    0x00000db1      0x175 i2c_routines.o
 .debug_info    0x00000f26      0x15d SYSTEM_functions.o
 .debug_info    0x00001083       0xc6 SPI_routines.o
 .debug_info    0x00001149      0x289 SD_routines.o
 .debug_info    0x000013d2      0xeae FAT32.o
 *(.gnu.linkonce.wi.*)

.debug_abbrev   0x00000000      0x918
 *(.debug_abbrev)
 .debug_abbrev  0x00000000      0x17d main.o
 .debug_abbrev  0x0000017d      0x141 UART_routines.o
 .debug_abbrev  0x000002be      0x17b RTC_routines.o
 .debug_abbrev  0x00000439       0x8d i2c_routines.o
 .debug_abbrev  0x000004c6       0xf8 SYSTEM_functions.o
 .debug_abbrev  0x000005be       0x8d SPI_routines.o
 .debug_abbrev  0x0000064b       0xbf SD_routines.o
 .debug_abbrev  0x0000070a      0x20e FAT32.o

.debug_line     0x00000000     0x1cc0
 *(.debug_line)
 .debug_line    0x00000000      0x34f main.o
 .debug_line    0x0000034f      0x1ae UART_routines.o
 .debug_line    0x000004fd      0x6e0 RTC_routines.o
 .debug_line    0x00000bdd      0x1a8 i2c_routines.o
 .debug_line    0x00000d85      0x19d SYSTEM_functions.o
 .debug_line    0x00000f22       0xc0 SPI_routines.o
 .debug_line    0x00000fe2      0x3a6 SD_routines.o
 .debug_line    0x00001388      0x938 FAT32.o

.debug_frame    0x00000000      0x3d0
 *(.debug_frame)
 .debug_frame   0x00000000       0x40 main.o
 .debug_frame   0x00000040       0x70 UART_routines.o
 .debug_frame   0x000000b0       0xe0 RTC_routines.o
 .debug_frame   0x00000190       0x90 i2c_routines.o
 .debug_frame   0x00000220       0x40 SYSTEM_functions.o
 .debug_frame   0x00000260       0x40 SPI_routines.o
 .debug_frame   0x000002a0       0x60 SD_routines.o
 .debug_frame   0x00000300       0xd0 FAT32.o

.debug_str      0x00000000      0x99b
 *(.debug_str)
 .debug_str     0x00000000      0x1f5 main.o
                                0x233 (size before relaxing)
 .debug_str     0x000001f5       0x94 UART_routines.o
                                0x139 (size before relaxing)
 .debug_str     0x00000289       0xfa RTC_routines.o
                                0x1b2 (size before relaxing)
 .debug_str     0x00000383       0x90 i2c_routines.o
                                0x116 (size before relaxing)
 .debug_str     0x00000413       0x36 SYSTEM_functions.o
                                 0xff (size before relaxing)
 .debug_str     0x00000449       0x31 SPI_routines.o
                                 0xb7 (size before relaxing)
 .debug_str     0x0000047a       0x6f SD_routines.o
                                0x128 (size before relaxing)
 .debug_str     0x000004e9      0x4b2 FAT32.o
                                0x6a8 (size before relaxing)

.debug_loc      0x00000000     0x1547
 *(.debug_loc)
 .debug_loc     0x00000000      0x13f main.o
 .debug_loc     0x0000013f      0x11b UART_routines.o
 .debug_loc     0x0000025a       0x82 RTC_routines.o
 .debug_loc     0x000002dc       0x90 i2c_routines.o
 .debug_loc     0x0000036c       0x40 SYSTEM_functions.o
 .debug_loc     0x000003ac       0x26 SPI_routines.o
 .debug_loc     0x000003d2      0x2e7 SD_routines.o
 .debug_loc     0x000006b9      0xe8e FAT32.o

.debug_macinfo
 *(.debug_macinfo)
OUTPUT(main.elf elf32-avr)
LOAD linker stubs

.debug_ranges   0x00000000       0x78
 .debug_ranges  0x00000000       0x30 UART_routines.o
 .debug_ranges  0x00000030       0x48 SYSTEM_functions.o

Cross Reference Table

Symbol                                            File
RTC_displayDate                                   RTC_routines.o
RTC_displayDay                                    RTC_routines.o
RTC_displayTime                                   RTC_routines.o
RTC_getDate                                       RTC_routines.o
                                                  main.o
RTC_getTime                                       RTC_routines.o
                                                  main.o
RTC_read                                          RTC_routines.o
RTC_setStartAddress                               RTC_routines.o
RTC_updateDate                                    RTC_routines.o
RTC_updateRegisters                               RTC_routines.o
RTC_updateTime                                    RTC_routines.o
RTC_writeDate                                     RTC_routines.o
RTC_writeTime                                     RTC_routines.o
SDHC_flag                                         FAT32.o
                                                  SD_routines.o
                                                  main.o
SD_erase                                          SD_routines.o
SD_init                                           SD_routines.o
                                                  main.o
SD_readSingleBlock                                SD_routines.o
                                                  FAT32.o
SD_sendCommand                                    SD_routines.o
SD_writeSingleBlock                               SD_routines.o
                                                  FAT32.o
SPI_receive                                       SPI_routines.o
                                                  SD_routines.o
SPI_transmit                                      SPI_routines.o
                                                  SD_routines.o
USART_Init                                        UART_routines.o
                                                  main.o
__bad_interrupt                                   c:/winavr-20100110/bin/../lib/gcc/avr/4.3.3/../../../../avr/lib/avr5/crtm32.o
__bss_end                                         c:/winavr-20100110/bin/../lib/gcc/avr/4.3.3/avr5\libgcc.a(_clear_bss.o)
__bss_start                                       c:/winavr-20100110/bin/../lib/gcc/avr/4.3.3/avr5\libgcc.a(_clear_bss.o)
__data_end                                        c:/winavr-20100110/bin/../lib/gcc/avr/4.3.3/avr5\libgcc.a(_copy_data.o)
__data_load_start                                 c:/winavr-20100110/bin/../lib/gcc/avr/4.3.3/avr5\libgcc.a(_copy_data.o)
__data_start                                      c:/winavr-20100110/bin/../lib/gcc/avr/4.3.3/avr5\libgcc.a(_copy_data.o)
__do_clear_bss                                    c:/winavr-20100110/bin/../lib/gcc/avr/4.3.3/avr5\libgcc.a(_clear_bss.o)
                                                  FAT32.o
                                                  SD_routines.o
                                                  RTC_routines.o
                                                  main.o
__do_copy_data                                    c:/winavr-20100110/bin/../lib/gcc/avr/4.3.3/avr5\libgcc.a(_copy_data.o)
                                                  FAT32.o
                                                  UART_routines.o
                                                  main.o
__heap_end                                        c:/winavr-20100110/bin/../lib/gcc/avr/4.3.3/../../../../avr/lib/avr5/crtm32.o
__init                                            c:/winavr-20100110/bin/../lib/gcc/avr/4.3.3/../../../../avr/lib/avr5/crtm32.o
__mulsi3                                          c:/winavr-20100110/bin/../lib/gcc/avr/4.3.3/avr5\libgcc.a(_mulsi3.o)
                                                  FAT32.o
__stack                                           c:/winavr-20100110/bin/../lib/gcc/avr/4.3.3/../../../../avr/lib/avr5/crtm32.o
__udivmodsi4                                      c:/winavr-20100110/bin/../lib/gcc/avr/4.3.3/avr5\libgcc.a(_udivmodsi4.o)
                                                  FAT32.o
__vector_1                                        c:/winavr-20100110/bin/../lib/gcc/avr/4.3.3/../../../../avr/lib/avr5/crtm32.o
__vector_10                                       c:/winavr-20100110/bin/../lib/gcc/avr/4.3.3/../../../../avr/lib/avr5/crtm32.o
__vector_11                                       c:/winavr-20100110/bin/../lib/gcc/avr/4.3.3/../../../../avr/lib/avr5/crtm32.o
__vector_12                                       c:/winavr-20100110/bin/../lib/gcc/avr/4.3.3/../../../../avr/lib/avr5/crtm32.o
__vector_13                                       c:/winavr-20100110/bin/../lib/gcc/avr/4.3.3/../../../../avr/lib/avr5/crtm32.o
__vector_14                                       c:/winavr-20100110/bin/../lib/gcc/avr/4.3.3/../../../../avr/lib/avr5/crtm32.o
__vector_15                                       c:/winavr-20100110/bin/../lib/gcc/avr/4.3.3/../../../../avr/lib/avr5/crtm32.o
__vector_16                                       c:/winavr-20100110/bin/../lib/gcc/avr/4.3.3/../../../../avr/lib/avr5/crtm32.o
__vector_17                                       c:/winavr-20100110/bin/../lib/gcc/avr/4.3.3/../../../../avr/lib/avr5/crtm32.o
__vector_18                                       c:/winavr-20100110/bin/../lib/gcc/avr/4.3.3/../../../../avr/lib/avr5/crtm32.o
__vector_19                                       c:/winavr-20100110/bin/../lib/gcc/avr/4.3.3/../../../../avr/lib/avr5/crtm32.o
__vector_2                                        c:/winavr-20100110/bin/../lib/gcc/avr/4.3.3/../../../../avr/lib/avr5/crtm32.o
__vector_20                                       c:/winavr-20100110/bin/../lib/gcc/avr/4.3.3/../../../../avr/lib/avr5/crtm32.o
__vector_3                                        c:/winavr-20100110/bin/../lib/gcc/avr/4.3.3/../../../../avr/lib/avr5/crtm32.o
__vector_4                                        c:/winavr-20100110/bin/../lib/gcc/avr/4.3.3/../../../../avr/lib/avr5/crtm32.o
__vector_5                                        c:/winavr-20100110/bin/../lib/gcc/avr/4.3.3/../../../../avr/lib/avr5/crtm32.o
__vector_6                                        c:/winavr-20100110/bin/../lib/gcc/avr/4.3.3/../../../../avr/lib/avr5/crtm32.o
__vector_7                                        c:/winavr-20100110/bin/../lib/gcc/avr/4.3.3/../../../../avr/lib/avr5/crtm32.o
__vector_8                                        c:/winavr-20100110/bin/../lib/gcc/avr/4.3.3/../../../../avr/lib/avr5/crtm32.o
__vector_9                                        c:/winavr-20100110/bin/../lib/gcc/avr/4.3.3/../../../../avr/lib/avr5/crtm32.o
__vector_default                                  c:/winavr-20100110/bin/../lib/gcc/avr/4.3.3/../../../../avr/lib/avr5/crtm32.o
__vectors                                         c:/winavr-20100110/bin/../lib/gcc/avr/4.3.3/../../../../avr/lib/avr5/crtm32.o
_exit                                             c:/winavr-20100110/bin/../lib/gcc/avr/4.3.3/avr5\libgcc.a(_exit.o)
appendFileLocation                                FAT32.o
                                                  main.o
appendFileSector                                  FAT32.o
                                                  main.o
appendStartCluster                                FAT32.o
                                                  main.o
blinkRedLED                                       SYSTEM_functions.o
                                                  main.o
buffer                                            FAT32.o
                                                  SD_routines.o
                                                  main.o
bytesPerSector                                    FAT32.o
                                                  main.o
cardType                                          FAT32.o
                                                  SD_routines.o
                                                  main.o
convertFileName                                   FAT32.o
dataString                                        FAT32.o
                                                  main.o
date                                              FAT32.o
                                                  RTC_routines.o
                                                  main.o
dateFAT                                           FAT32.o
                                                  RTC_routines.o
                                                  main.o
day                                               FAT32.o
                                                  RTC_routines.o
                                                  main.o
deleteFile                                        FAT32.o
displayMemory                                     FAT32.o
exit                                              c:/winavr-20100110/bin/../lib/gcc/avr/4.3.3/avr5\libgcc.a(_exit.o)
                                                  c:/winavr-20100110/bin/../lib/gcc/avr/4.3.3/../../../../avr/lib/avr5/crtm32.o
fileSize                                          FAT32.o
                                                  main.o
findFiles                                         FAT32.o
                                                  main.o
firstDataSector                                   FAT32.o
                                                  main.o
freeClusterCountUpdated                           FAT32.o
                                                  main.o
freeMemoryUpdate                                  FAT32.o
getBootSectorData                                 FAT32.o
                                                  main.o
getDateTime_FAT                                   RTC_routines.o
                                                  FAT32.o
getFirstSector                                    FAT32.o
getSetFreeCluster                                 FAT32.o
getSetNextCluster                                 FAT32.o
i2c_receiveData_ACK                               i2c_routines.o
                                                  RTC_routines.o
i2c_receiveData_NACK                              i2c_routines.o
                                                  RTC_routines.o
i2c_repeatStart                                   i2c_routines.o
                                                  RTC_routines.o
i2c_sendAddress                                   i2c_routines.o
                                                  RTC_routines.o
i2c_sendData                                      i2c_routines.o
                                                  RTC_routines.o
i2c_start                                         i2c_routines.o
                                                  RTC_routines.o
i2c_stop                                          i2c_routines.o
                                                  RTC_routines.o
main                                              main.o
                                                  c:/winavr-20100110/bin/../lib/gcc/avr/4.3.3/../../../../avr/lib/avr5/crtm32.o
numberToChar                                      SYSTEM_functions.o
port_init                                         SYSTEM_functions.o
                                                  main.o
readData                                          main.o
readFile                                          FAT32.o
receiveByte                                       UART_routines.o
                                                  RTC_routines.o
                                                  main.o
recordData                                        main.o
reservedSectorCount                               FAT32.o
                                                  main.o
rootCluster                                       FAT32.o
                                                  main.o
rtc_register                                      FAT32.o
                                                  RTC_routines.o
                                                  main.o
searchNextFreeCluster                             FAT32.o
sectorPerCluster                                  FAT32.o
                                                  main.o
spi_init                                          SPI_routines.o
                                                  main.o
startBlock                                        FAT32.o
                                                  SD_routines.o
                                                  main.o
time                                              FAT32.o
                                                  RTC_routines.o
                                                  main.o
timeFAT                                           FAT32.o
                                                  RTC_routines.o
                                                  main.o
totalBlocks                                       FAT32.o
                                                  SD_routines.o
                                                  main.o
totalClusters                                     FAT32.o
                                                  main.o
transmitByte                                      UART_routines.o
                                                  FAT32.o
                                                  SD_routines.o
                                                  RTC_routines.o
                                                  main.o
transmitHex                                       UART_routines.o
transmitString                                    UART_routines.o
                                                  FAT32.o
                                                  RTC_routines.o
                                                  main.o
transmitString_F                                  UART_routines.o
                                                  FAT32.o
                                                  RTC_routines.o
                                                  main.o
twi_init                                          i2c_routines.o
                                                  main.o
unusedSectors                                     FAT32.o
                                                  main.o
writeFile                                         FAT32.o
                                                  main.o
