Archive member included because of file (symbol)

/usr/lib/gcc/avr/4.8.2/../../../avr/lib/avr5/libm.a(fixunssfsi.o)
                              ADC_routines.o (__fixunssfsi)
/usr/lib/gcc/avr/4.8.2/../../../avr/lib/avr5/libm.a(floatsisf.o)
                              ADC_routines.o (__floatunsisf)
/usr/lib/gcc/avr/4.8.2/../../../avr/lib/avr5/libm.a(fp_split3.o)
                              /usr/lib/gcc/avr/4.8.2/../../../avr/lib/avr5/libm.a(fixunssfsi.o) (__fp_splitA)
/usr/lib/gcc/avr/4.8.2/../../../avr/lib/avr5/libm.a(fp_zero.o)
                              /usr/lib/gcc/avr/4.8.2/../../../avr/lib/avr5/libm.a(fixunssfsi.o) (__fp_zero)
/usr/lib/gcc/avr/4.8.2/../../../avr/lib/avr5/libm.a(mulsf3.o)
                              ADC_routines.o (__mulsf3)
/usr/lib/gcc/avr/4.8.2/../../../avr/lib/avr5/libm.a(mulsf3x.o)
                              /usr/lib/gcc/avr/4.8.2/../../../avr/lib/avr5/libm.a(mulsf3.o) (__mulsf3x)
/usr/lib/gcc/avr/4.8.2/../../../avr/lib/avr5/libm.a(fp_inf.o)
                              /usr/lib/gcc/avr/4.8.2/../../../avr/lib/avr5/libm.a(mulsf3x.o) (__fp_inf)
/usr/lib/gcc/avr/4.8.2/../../../avr/lib/avr5/libm.a(fp_nan.o)
                              /usr/lib/gcc/avr/4.8.2/../../../avr/lib/avr5/libm.a(mulsf3x.o) (__fp_nan)
/usr/lib/gcc/avr/4.8.2/../../../avr/lib/avr5/libm.a(fp_pscA.o)
                              /usr/lib/gcc/avr/4.8.2/../../../avr/lib/avr5/libm.a(mulsf3x.o) (__fp_pscA)
/usr/lib/gcc/avr/4.8.2/../../../avr/lib/avr5/libm.a(fp_pscB.o)
                              /usr/lib/gcc/avr/4.8.2/../../../avr/lib/avr5/libm.a(mulsf3x.o) (__fp_pscB)
/usr/lib/gcc/avr/4.8.2/../../../avr/lib/avr5/libm.a(fp_round.o)
                              /usr/lib/gcc/avr/4.8.2/../../../avr/lib/avr5/libm.a(mulsf3.o) (__fp_round)
/usr/lib/gcc/avr/4.8.2/avr5/libgcc.a(_umulhisi3.o)
                              FAT32.o (__umulhisi3)
/usr/lib/gcc/avr/4.8.2/avr5/libgcc.a(_muluhisi3.o)
                              FAT32.o (__muluhisi3)
/usr/lib/gcc/avr/4.8.2/avr5/libgcc.a(_mulsi3.o)
                              FAT32.o (__mulsi3)
/usr/lib/gcc/avr/4.8.2/avr5/libgcc.a(_udivmodhi4.o)
                              ADC_routines.o (__udivmodhi4)
/usr/lib/gcc/avr/4.8.2/avr5/libgcc.a(_udivmodsi4.o)
                              FAT32.o (__udivmodsi4)
/usr/lib/gcc/avr/4.8.2/avr5/libgcc.a(_exit.o)
                              /usr/lib/gcc/avr/4.8.2/../../../avr/lib/avr5/crtm32.o (exit)
/usr/lib/gcc/avr/4.8.2/avr5/libgcc.a(_tablejump.o)
                              main.o (__tablejump2__)
/usr/lib/gcc/avr/4.8.2/avr5/libgcc.a(_copy_data.o)
                              UART_routines.o (__do_copy_data)
/usr/lib/gcc/avr/4.8.2/avr5/libgcc.a(_clear_bss.o)
                              main.o (__do_clear_bss)

Allocating common symbols
Common symbol       size              file

rtc_register        0x7               main.o
appendFileLocation  0x4               main.o
dateFAT             0x2               main.o
firstDataSector     0x4               main.o
fileSize            0x4               main.o
bytesPerSector      0x2               main.o
totalClusters       0x4               main.o
temperature         0x7               main.o
rootCluster         0x4               main.o
timeFAT             0x2               main.o
voltage             0x7               main.o
startBlock          0x4               main.o
buffer              0x200             main.o
sectorPerCluster    0x2               main.o
unusedSectors       0x4               main.o
SDHC_flag           0x1               main.o
totalBlocks         0x4               main.o
reservedSectorCount
                    0x2               main.o
time                0x9               main.o
appendStartCluster  0x4               main.o
dataString          0x64              main.o
cardType            0x1               main.o
day                 0x1               main.o
date                0xb               main.o
freeClusterCountUpdated
                    0x1               main.o
appendFileSector    0x4               main.o

Memory Configuration

Name             Origin             Length             Attributes
text             0x0000000000000000 0x0000000000020000 xr
data             0x0000000000800060 0x000000000000ffa0 rw !x
eeprom           0x0000000000810000 0x0000000000010000 rw !x
fuse             0x0000000000820000 0x0000000000000400 rw !x
lock             0x0000000000830000 0x0000000000000400 rw !x
signature        0x0000000000840000 0x0000000000000400 rw !x
user_signatures  0x0000000000850000 0x0000000000000400 rw !x
*default*        0x0000000000000000 0xffffffffffffffff

Linker script and memory map

LOAD /usr/lib/gcc/avr/4.8.2/../../../avr/lib/avr5/crtm32.o
LOAD main.o
LOAD UART_routines.o
LOAD ADC_routines.o
LOAD FAT32.o
LOAD i2c_routines.o
LOAD RTC_routines.o
LOAD SD_routines.o
LOAD SPI_routines.o
LOAD /usr/lib/gcc/avr/4.8.2/../../../avr/lib/avr5/libm.a
START GROUP
LOAD /usr/lib/gcc/avr/4.8.2/avr5/libgcc.a
LOAD /usr/lib/gcc/avr/4.8.2/../../../avr/lib/avr5/libm.a
LOAD /usr/lib/gcc/avr/4.8.2/../../../avr/lib/avr5/libc.a
END GROUP

.hash
 *(.hash)

.dynsym
 *(.dynsym)

.dynstr
 *(.dynstr)

.gnu.version
 *(.gnu.version)

.gnu.version_d
 *(.gnu.version_d)

.gnu.version_r
 *(.gnu.version_r)

.rel.init
 *(.rel.init)

.rela.init
 *(.rela.init)

.rel.text
 *(.rel.text)
 *(.rel.text.*)
 *(.rel.gnu.linkonce.t*)

.rela.text
 *(.rela.text)
 *(.rela.text.*)
 *(.rela.gnu.linkonce.t*)

.rel.fini
 *(.rel.fini)

.rela.fini
 *(.rela.fini)

.rel.rodata
 *(.rel.rodata)
 *(.rel.rodata.*)
 *(.rel.gnu.linkonce.r*)

.rela.rodata
 *(.rela.rodata)
 *(.rela.rodata.*)
 *(.rela.gnu.linkonce.r*)

.rel.data
 *(.rel.data)
 *(.rel.data.*)
 *(.rel.gnu.linkonce.d*)

.rela.data
 *(.rela.data)
 *(.rela.data.*)
 *(.rela.gnu.linkonce.d*)

.rel.ctors
 *(.rel.ctors)

.rela.ctors
 *(.rela.ctors)

.rel.dtors
 *(.rel.dtors)

.rela.dtors
 *(.rela.dtors)

.rel.got
 *(.rel.got)

.rela.got
 *(.rela.got)

.rel.bss
 *(.rel.bss)

.rela.bss
 *(.rela.bss)

.rel.plt
 *(.rel.plt)

.rela.plt
 *(.rela.plt)

.text           0x0000000000000000     0x2b86
 *(.vectors)
 .vectors       0x0000000000000000       0x54 /usr/lib/gcc/avr/4.8.2/../../../avr/lib/avr5/crtm32.o
                0x0000000000000000                __vectors
                0x0000000000000000                __vector_default
 *(.vectors)
 *(.progmem.gcc*)
 .progmem.gcc_sw_table
                0x0000000000000054        0xe main.o
 .progmem.gcc_sw_table
                0x0000000000000062        0xe RTC_routines.o
 *(.progmem*)
 .progmem.data  0x0000000000000070      0x2a0 main.o
 .progmem.data  0x0000000000000310       0xdb FAT32.o
 .progmem.data  0x00000000000003eb      0x139 RTC_routines.o
                0x0000000000000524                . = ALIGN (0x2)
                0x0000000000000524                __trampolines_start = .
 *(.trampolines)
 .trampolines   0x0000000000000524        0x0 linker stubs
 *(.trampolines*)
                0x0000000000000524                __trampolines_end = .
 *(.jumptables)
 *(.jumptables*)
 *(.lowtext)
 *(.lowtext*)
                0x0000000000000524                __ctors_start = .
 *(.ctors)
                0x0000000000000524                __ctors_end = .
                0x0000000000000524                __dtors_start = .
 *(.dtors)
                0x0000000000000524                __dtors_end = .
 SORT(*)(.ctors)
 SORT(*)(.dtors)
 *(.init0)
 .init0         0x0000000000000524        0x0 /usr/lib/gcc/avr/4.8.2/../../../avr/lib/avr5/crtm32.o
                0x0000000000000524                __init
 *(.init0)
 *(.init1)
 *(.init1)
 *(.init2)
 .init2         0x0000000000000524        0xc /usr/lib/gcc/avr/4.8.2/../../../avr/lib/avr5/crtm32.o
 *(.init2)
 *(.init3)
 *(.init3)
 *(.init4)
 .init4         0x0000000000000530       0x16 /usr/lib/gcc/avr/4.8.2/avr5/libgcc.a(_copy_data.o)
                0x0000000000000530                __do_copy_data
 .init4         0x0000000000000546       0x10 /usr/lib/gcc/avr/4.8.2/avr5/libgcc.a(_clear_bss.o)
                0x0000000000000546                __do_clear_bss
 *(.init4)
 *(.init5)
 *(.init5)
 *(.init6)
 *(.init6)
 *(.init7)
 *(.init7)
 *(.init8)
 *(.init8)
 *(.init9)
 .init9         0x0000000000000556        0x8 /usr/lib/gcc/avr/4.8.2/../../../avr/lib/avr5/crtm32.o
 *(.init9)
 *(.text)
 .text          0x000000000000055e        0x4 /usr/lib/gcc/avr/4.8.2/../../../avr/lib/avr5/crtm32.o
                0x000000000000055e                __vector_1
                0x000000000000055e                __vector_12
                0x000000000000055e                __bad_interrupt
                0x000000000000055e                __vector_6
                0x000000000000055e                __vector_3
                0x000000000000055e                __vector_11
                0x000000000000055e                __vector_13
                0x000000000000055e                __vector_17
                0x000000000000055e                __vector_19
                0x000000000000055e                __vector_7
                0x000000000000055e                __vector_5
                0x000000000000055e                __vector_4
                0x000000000000055e                __vector_9
                0x000000000000055e                __vector_2
                0x000000000000055e                __vector_15
                0x000000000000055e                __vector_8
                0x000000000000055e                __vector_14
                0x000000000000055e                __vector_10
                0x000000000000055e                __vector_16
                0x000000000000055e                __vector_18
                0x000000000000055e                __vector_20
 .text          0x0000000000000562       0x60 main.o
                0x0000000000000562                port_init
                0x000000000000057a                init_devices
                0x0000000000000598                blinkRedLED
 .text          0x00000000000005c2       0xe4 UART_routines.o
                0x00000000000005c2                uart0_init
                0x00000000000005d6                receiveByte
                0x00000000000005e0                transmitByte
                0x00000000000005e8                transmitString_F
                0x000000000000060a                transmitString
                0x0000000000000622                transmitHex
 .text          0x00000000000006a6      0x14e ADC_routines.o
                0x00000000000006a6                ADC_init
                0x00000000000006b4                ADC_read
                0x00000000000006f0                readTemperature
                0x0000000000000772                readVoltage
 .text          0x00000000000007f4     0x121e FAT32.o
                0x00000000000007f4                getFirstSector
                0x0000000000000836                getSetNextCluster
                0x0000000000000922                getSetFreeCluster
                0x0000000000000a5a                getBootSectorData
                0x0000000000000bf0                convertFileName
                0x0000000000000cc6                searchNextFreeCluster
                0x0000000000000db8                displayMemory
                0x0000000000000e7c                freeMemoryUpdate
                0x0000000000000f3c                findFiles
                0x00000000000012aa                readFile
                0x0000000000001440                deleteFile
                0x0000000000001460                writeFile
 .text          0x0000000000001a12       0xb2 i2c_routines.o
                0x0000000000001a12                twi_init
                0x0000000000001a1c                i2c_start
                0x0000000000001a34                i2c_repeatStart
                0x0000000000001a4c                i2c_sendAddress
                0x0000000000001a70                i2c_sendData
                0x0000000000001a8a                i2c_receiveData_ACK
                0x0000000000001aa4                i2c_receiveData_NACK
                0x0000000000001abe                i2c_stop
 .text          0x0000000000001ac4      0x6b2 RTC_routines.o
                0x0000000000001ac4                RTC_setStartAddress
                0x0000000000001af0                RTC_read
                0x0000000000001b5a                RTC_getTime
                0x0000000000001bca                RTC_getDate
                0x0000000000001c3e                RTC_displayTime
                0x0000000000001c6a                RTC_displayDay
                0x0000000000001cba                RTC_displayDate
                0x0000000000001cea                RTC_updateRegisters
                0x0000000000001d94                RTC_writeTime
                0x0000000000001dde                RTC_writeDate
                0x0000000000001e28                RTC_updateTime
                0x0000000000001f36                RTC_updateDate
                0x00000000000020a8                getDateTime_FAT
 .text          0x0000000000002176      0x33c SD_routines.o
                0x0000000000002176                SD_sendCommand
                0x0000000000002252                SD_init
                0x0000000000002354                SD_erase
                0x00000000000023c6                SD_readSingleBlock
                0x0000000000002422                SD_writeSingleBlock
 .text          0x00000000000024b2       0x1e SPI_routines.o
                0x00000000000024b2                spi_init
                0x00000000000024ba                SPI_transmit
                0x00000000000024c4                SPI_receive
 .text          0x00000000000024d0        0x0 /usr/lib/gcc/avr/4.8.2/../../../avr/lib/avr5/libm.a(fixunssfsi.o)
 .text          0x00000000000024d0        0x0 /usr/lib/gcc/avr/4.8.2/../../../avr/lib/avr5/libm.a(floatsisf.o)
 .text          0x00000000000024d0        0x0 /usr/lib/gcc/avr/4.8.2/../../../avr/lib/avr5/libm.a(fp_split3.o)
 .text          0x00000000000024d0        0x0 /usr/lib/gcc/avr/4.8.2/../../../avr/lib/avr5/libm.a(fp_zero.o)
 .text          0x00000000000024d0        0x0 /usr/lib/gcc/avr/4.8.2/../../../avr/lib/avr5/libm.a(mulsf3.o)
 .text          0x00000000000024d0        0x0 /usr/lib/gcc/avr/4.8.2/../../../avr/lib/avr5/libm.a(mulsf3x.o)
 .text          0x00000000000024d0        0x0 /usr/lib/gcc/avr/4.8.2/../../../avr/lib/avr5/libm.a(fp_inf.o)
 .text          0x00000000000024d0        0x0 /usr/lib/gcc/avr/4.8.2/../../../avr/lib/avr5/libm.a(fp_nan.o)
 .text          0x00000000000024d0        0x0 /usr/lib/gcc/avr/4.8.2/../../../avr/lib/avr5/libm.a(fp_pscA.o)
 .text          0x00000000000024d0        0x0 /usr/lib/gcc/avr/4.8.2/../../../avr/lib/avr5/libm.a(fp_pscB.o)
 .text          0x00000000000024d0        0x0 /usr/lib/gcc/avr/4.8.2/../../../avr/lib/avr5/libm.a(fp_round.o)
 .text          0x00000000000024d0        0x0 /usr/lib/gcc/avr/4.8.2/avr5/libgcc.a(_umulhisi3.o)
 .text          0x00000000000024d0        0x0 /usr/lib/gcc/avr/4.8.2/avr5/libgcc.a(_muluhisi3.o)
 .text          0x00000000000024d0        0x0 /usr/lib/gcc/avr/4.8.2/avr5/libgcc.a(_mulsi3.o)
 .text          0x00000000000024d0        0x0 /usr/lib/gcc/avr/4.8.2/avr5/libgcc.a(_udivmodhi4.o)
 .text          0x00000000000024d0        0x0 /usr/lib/gcc/avr/4.8.2/avr5/libgcc.a(_udivmodsi4.o)
 .text          0x00000000000024d0        0x0 /usr/lib/gcc/avr/4.8.2/avr5/libgcc.a(_exit.o)
 .text          0x00000000000024d0        0x0 /usr/lib/gcc/avr/4.8.2/avr5/libgcc.a(_tablejump.o)
 .text          0x00000000000024d0        0x0 /usr/lib/gcc/avr/4.8.2/avr5/libgcc.a(_copy_data.o)
 .text          0x00000000000024d0        0x0 /usr/lib/gcc/avr/4.8.2/avr5/libgcc.a(_clear_bss.o)
                0x00000000000024d0                . = ALIGN (0x2)
 *(.text.*)
 .text.startup  0x00000000000024d0      0x3ac main.o
                0x00000000000024d0                main
 .text.avr-libc.fplib
                0x000000000000287c       0x58 /usr/lib/gcc/avr/4.8.2/../../../avr/lib/avr5/libm.a(fixunssfsi.o)
                0x000000000000287c                __fixunssfsi
 .text.avr-libc.fplib
                0x00000000000028d4       0x7a /usr/lib/gcc/avr/4.8.2/../../../avr/lib/avr5/libm.a(floatsisf.o)
                0x00000000000028d4                __floatunsisf
                0x00000000000028d8                __floatsisf
 .text.avr-libc.fplib
                0x000000000000294e       0x44 /usr/lib/gcc/avr/4.8.2/../../../avr/lib/avr5/libm.a(fp_split3.o)
                0x000000000000294e                __fp_split3
                0x000000000000295e                __fp_splitA
 .text.avr-libc.fplib
                0x0000000000002992        0xe /usr/lib/gcc/avr/4.8.2/../../../avr/lib/avr5/libm.a(fp_zero.o)
                0x0000000000002992                __fp_zero
                0x0000000000002994                __fp_szero
 .text.avr-libc.fplib
                0x00000000000029a0        0x4 /usr/lib/gcc/avr/4.8.2/../../../avr/lib/avr5/libm.a(mulsf3.o)
                0x00000000000029a0                __mulsf3
 .text.avr-libc.fplib
                0x00000000000029a4       0xc2 /usr/lib/gcc/avr/4.8.2/../../../avr/lib/avr5/libm.a(mulsf3x.o)
                0x00000000000029b8                __mulsf3x
                0x00000000000029bc                __mulsf3_pse
 .text.avr-libc.fplib
                0x0000000000002a66        0xc /usr/lib/gcc/avr/4.8.2/../../../avr/lib/avr5/libm.a(fp_inf.o)
                0x0000000000002a66                __fp_inf
 .text.avr-libc.fplib
                0x0000000000002a72        0x6 /usr/lib/gcc/avr/4.8.2/../../../avr/lib/avr5/libm.a(fp_nan.o)
                0x0000000000002a72                __fp_nan
 .text.avr-libc.fplib
                0x0000000000002a78        0xe /usr/lib/gcc/avr/4.8.2/../../../avr/lib/avr5/libm.a(fp_pscA.o)
                0x0000000000002a78                __fp_pscA
 .text.avr-libc.fplib
                0x0000000000002a86        0xe /usr/lib/gcc/avr/4.8.2/../../../avr/lib/avr5/libm.a(fp_pscB.o)
                0x0000000000002a86                __fp_pscB
 .text.avr-libc.fplib
                0x0000000000002a94       0x22 /usr/lib/gcc/avr/4.8.2/../../../avr/lib/avr5/libm.a(fp_round.o)
                0x0000000000002a94                __fp_round
 .text.libgcc.mul
                0x0000000000002ab6       0x1e /usr/lib/gcc/avr/4.8.2/avr5/libgcc.a(_umulhisi3.o)
                0x0000000000002ab6                __umulhisi3
 .text.libgcc.div
                0x0000000000002ad4        0x0 /usr/lib/gcc/avr/4.8.2/avr5/libgcc.a(_umulhisi3.o)
 .text.libgcc   0x0000000000002ad4        0x0 /usr/lib/gcc/avr/4.8.2/avr5/libgcc.a(_umulhisi3.o)
 .text.libgcc.prologue
                0x0000000000002ad4        0x0 /usr/lib/gcc/avr/4.8.2/avr5/libgcc.a(_umulhisi3.o)
 .text.libgcc.builtins
                0x0000000000002ad4        0x0 /usr/lib/gcc/avr/4.8.2/avr5/libgcc.a(_umulhisi3.o)
 .text.libgcc.fmul
                0x0000000000002ad4        0x0 /usr/lib/gcc/avr/4.8.2/avr5/libgcc.a(_umulhisi3.o)
 .text.libgcc.fixed
                0x0000000000002ad4        0x0 /usr/lib/gcc/avr/4.8.2/avr5/libgcc.a(_umulhisi3.o)
 .text.libgcc.mul
                0x0000000000002ad4       0x16 /usr/lib/gcc/avr/4.8.2/avr5/libgcc.a(_muluhisi3.o)
                0x0000000000002ad4                __muluhisi3
 .text.libgcc.div
                0x0000000000002aea        0x0 /usr/lib/gcc/avr/4.8.2/avr5/libgcc.a(_muluhisi3.o)
 .text.libgcc   0x0000000000002aea        0x0 /usr/lib/gcc/avr/4.8.2/avr5/libgcc.a(_muluhisi3.o)
 .text.libgcc.prologue
                0x0000000000002aea        0x0 /usr/lib/gcc/avr/4.8.2/avr5/libgcc.a(_muluhisi3.o)
 .text.libgcc.builtins
                0x0000000000002aea        0x0 /usr/lib/gcc/avr/4.8.2/avr5/libgcc.a(_muluhisi3.o)
 .text.libgcc.fmul
                0x0000000000002aea        0x0 /usr/lib/gcc/avr/4.8.2/avr5/libgcc.a(_muluhisi3.o)
 .text.libgcc.fixed
                0x0000000000002aea        0x0 /usr/lib/gcc/avr/4.8.2/avr5/libgcc.a(_muluhisi3.o)
 .text.libgcc.mul
                0x0000000000002aea       0x20 /usr/lib/gcc/avr/4.8.2/avr5/libgcc.a(_mulsi3.o)
                0x0000000000002aea                __mulsi3
 .text.libgcc.div
                0x0000000000002b0a        0x0 /usr/lib/gcc/avr/4.8.2/avr5/libgcc.a(_mulsi3.o)
 .text.libgcc   0x0000000000002b0a        0x0 /usr/lib/gcc/avr/4.8.2/avr5/libgcc.a(_mulsi3.o)
 .text.libgcc.prologue
                0x0000000000002b0a        0x0 /usr/lib/gcc/avr/4.8.2/avr5/libgcc.a(_mulsi3.o)
 .text.libgcc.builtins
                0x0000000000002b0a        0x0 /usr/lib/gcc/avr/4.8.2/avr5/libgcc.a(_mulsi3.o)
 .text.libgcc.fmul
                0x0000000000002b0a        0x0 /usr/lib/gcc/avr/4.8.2/avr5/libgcc.a(_mulsi3.o)
 .text.libgcc.fixed
                0x0000000000002b0a        0x0 /usr/lib/gcc/avr/4.8.2/avr5/libgcc.a(_mulsi3.o)
 .text.libgcc.mul
                0x0000000000002b0a        0x0 /usr/lib/gcc/avr/4.8.2/avr5/libgcc.a(_udivmodhi4.o)
 .text.libgcc.div
                0x0000000000002b0a       0x28 /usr/lib/gcc/avr/4.8.2/avr5/libgcc.a(_udivmodhi4.o)
                0x0000000000002b0a                __udivmodhi4
 .text.libgcc   0x0000000000002b32        0x0 /usr/lib/gcc/avr/4.8.2/avr5/libgcc.a(_udivmodhi4.o)
 .text.libgcc.prologue
                0x0000000000002b32        0x0 /usr/lib/gcc/avr/4.8.2/avr5/libgcc.a(_udivmodhi4.o)
 .text.libgcc.builtins
                0x0000000000002b32        0x0 /usr/lib/gcc/avr/4.8.2/avr5/libgcc.a(_udivmodhi4.o)
 .text.libgcc.fmul
                0x0000000000002b32        0x0 /usr/lib/gcc/avr/4.8.2/avr5/libgcc.a(_udivmodhi4.o)
 .text.libgcc.fixed
                0x0000000000002b32        0x0 /usr/lib/gcc/avr/4.8.2/avr5/libgcc.a(_udivmodhi4.o)
 .text.libgcc.mul
                0x0000000000002b32        0x0 /usr/lib/gcc/avr/4.8.2/avr5/libgcc.a(_udivmodsi4.o)
 .text.libgcc.div
                0x0000000000002b32       0x44 /usr/lib/gcc/avr/4.8.2/avr5/libgcc.a(_udivmodsi4.o)
                0x0000000000002b32                __udivmodsi4
 .text.libgcc   0x0000000000002b76        0x0 /usr/lib/gcc/avr/4.8.2/avr5/libgcc.a(_udivmodsi4.o)
 .text.libgcc.prologue
                0x0000000000002b76        0x0 /usr/lib/gcc/avr/4.8.2/avr5/libgcc.a(_udivmodsi4.o)
 .text.libgcc.builtins
                0x0000000000002b76        0x0 /usr/lib/gcc/avr/4.8.2/avr5/libgcc.a(_udivmodsi4.o)
 .text.libgcc.fmul
                0x0000000000002b76        0x0 /usr/lib/gcc/avr/4.8.2/avr5/libgcc.a(_udivmodsi4.o)
 .text.libgcc.fixed
                0x0000000000002b76        0x0 /usr/lib/gcc/avr/4.8.2/avr5/libgcc.a(_udivmodsi4.o)
 .text.libgcc.mul
                0x0000000000002b76        0x0 /usr/lib/gcc/avr/4.8.2/avr5/libgcc.a(_exit.o)
 .text.libgcc.div
                0x0000000000002b76        0x0 /usr/lib/gcc/avr/4.8.2/avr5/libgcc.a(_exit.o)
 .text.libgcc   0x0000000000002b76        0x0 /usr/lib/gcc/avr/4.8.2/avr5/libgcc.a(_exit.o)
 .text.libgcc.prologue
                0x0000000000002b76        0x0 /usr/lib/gcc/avr/4.8.2/avr5/libgcc.a(_exit.o)
 .text.libgcc.builtins
                0x0000000000002b76        0x0 /usr/lib/gcc/avr/4.8.2/avr5/libgcc.a(_exit.o)
 .text.libgcc.fmul
                0x0000000000002b76        0x0 /usr/lib/gcc/avr/4.8.2/avr5/libgcc.a(_exit.o)
 .text.libgcc.fixed
                0x0000000000002b76        0x0 /usr/lib/gcc/avr/4.8.2/avr5/libgcc.a(_exit.o)
 .text.libgcc.mul
                0x0000000000002b76        0x0 /usr/lib/gcc/avr/4.8.2/avr5/libgcc.a(_tablejump.o)
 .text.libgcc.div
                0x0000000000002b76        0x0 /usr/lib/gcc/avr/4.8.2/avr5/libgcc.a(_tablejump.o)
 .text.libgcc   0x0000000000002b76        0xc /usr/lib/gcc/avr/4.8.2/avr5/libgcc.a(_tablejump.o)
                0x0000000000002b76                __tablejump2__
                0x0000000000002b7a                __tablejump__
 .text.libgcc.prologue
                0x0000000000002b82        0x0 /usr/lib/gcc/avr/4.8.2/avr5/libgcc.a(_tablejump.o)
 .text.libgcc.builtins
                0x0000000000002b82        0x0 /usr/lib/gcc/avr/4.8.2/avr5/libgcc.a(_tablejump.o)
 .text.libgcc.fmul
                0x0000000000002b82        0x0 /usr/lib/gcc/avr/4.8.2/avr5/libgcc.a(_tablejump.o)
 .text.libgcc.fixed
                0x0000000000002b82        0x0 /usr/lib/gcc/avr/4.8.2/avr5/libgcc.a(_tablejump.o)
 .text.libgcc.mul
                0x0000000000002b82        0x0 /usr/lib/gcc/avr/4.8.2/avr5/libgcc.a(_copy_data.o)
 .text.libgcc.div
                0x0000000000002b82        0x0 /usr/lib/gcc/avr/4.8.2/avr5/libgcc.a(_copy_data.o)
 .text.libgcc   0x0000000000002b82        0x0 /usr/lib/gcc/avr/4.8.2/avr5/libgcc.a(_copy_data.o)
 .text.libgcc.prologue
                0x0000000000002b82        0x0 /usr/lib/gcc/avr/4.8.2/avr5/libgcc.a(_copy_data.o)
 .text.libgcc.builtins
                0x0000000000002b82        0x0 /usr/lib/gcc/avr/4.8.2/avr5/libgcc.a(_copy_data.o)
 .text.libgcc.fmul
                0x0000000000002b82        0x0 /usr/lib/gcc/avr/4.8.2/avr5/libgcc.a(_copy_data.o)
 .text.libgcc.fixed
                0x0000000000002b82        0x0 /usr/lib/gcc/avr/4.8.2/avr5/libgcc.a(_copy_data.o)
 .text.libgcc.mul
                0x0000000000002b82        0x0 /usr/lib/gcc/avr/4.8.2/avr5/libgcc.a(_clear_bss.o)
 .text.libgcc.div
                0x0000000000002b82        0x0 /usr/lib/gcc/avr/4.8.2/avr5/libgcc.a(_clear_bss.o)
 .text.libgcc   0x0000000000002b82        0x0 /usr/lib/gcc/avr/4.8.2/avr5/libgcc.a(_clear_bss.o)
 .text.libgcc.prologue
                0x0000000000002b82        0x0 /usr/lib/gcc/avr/4.8.2/avr5/libgcc.a(_clear_bss.o)
 .text.libgcc.builtins
                0x0000000000002b82        0x0 /usr/lib/gcc/avr/4.8.2/avr5/libgcc.a(_clear_bss.o)
 .text.libgcc.fmul
                0x0000000000002b82        0x0 /usr/lib/gcc/avr/4.8.2/avr5/libgcc.a(_clear_bss.o)
 .text.libgcc.fixed
                0x0000000000002b82        0x0 /usr/lib/gcc/avr/4.8.2/avr5/libgcc.a(_clear_bss.o)
                0x0000000000002b82                . = ALIGN (0x2)
 *(.fini9)
 .fini9         0x0000000000002b82        0x0 /usr/lib/gcc/avr/4.8.2/avr5/libgcc.a(_exit.o)
                0x0000000000002b82                exit
                0x0000000000002b82                _exit
 *(.fini9)
 *(.fini8)
 *(.fini8)
 *(.fini7)
 *(.fini7)
 *(.fini6)
 *(.fini6)
 *(.fini5)
 *(.fini5)
 *(.fini4)
 *(.fini4)
 *(.fini3)
 *(.fini3)
 *(.fini2)
 *(.fini2)
 *(.fini1)
 *(.fini1)
 *(.fini0)
 .fini0         0x0000000000002b82        0x4 /usr/lib/gcc/avr/4.8.2/avr5/libgcc.a(_exit.o)
 *(.fini0)
                0x0000000000002b86                _etext = .

.data           0x0000000000800060       0x20 load address 0x0000000000002b86
                0x0000000000800060                PROVIDE (__data_start, .)
 *(.data)
 .data          0x0000000000800060        0x0 /usr/lib/gcc/avr/4.8.2/../../../avr/lib/avr5/crtm32.o
 .data          0x0000000000800060        0x0 main.o
 .data          0x0000000000800060        0x0 UART_routines.o
 .data          0x0000000000800060        0x0 ADC_routines.o
 .data          0x0000000000800060        0x0 FAT32.o
 .data          0x0000000000800060        0x0 i2c_routines.o
 .data          0x0000000000800060        0x0 RTC_routines.o
 .data          0x0000000000800060        0x0 SD_routines.o
 .data          0x0000000000800060        0x0 SPI_routines.o
 .data          0x0000000000800060        0x0 /usr/lib/gcc/avr/4.8.2/../../../avr/lib/avr5/libm.a(fixunssfsi.o)
 .data          0x0000000000800060        0x0 /usr/lib/gcc/avr/4.8.2/../../../avr/lib/avr5/libm.a(floatsisf.o)
 .data          0x0000000000800060        0x0 /usr/lib/gcc/avr/4.8.2/../../../avr/lib/avr5/libm.a(fp_split3.o)
 .data          0x0000000000800060        0x0 /usr/lib/gcc/avr/4.8.2/../../../avr/lib/avr5/libm.a(fp_zero.o)
 .data          0x0000000000800060        0x0 /usr/lib/gcc/avr/4.8.2/../../../avr/lib/avr5/libm.a(mulsf3.o)
 .data          0x0000000000800060        0x0 /usr/lib/gcc/avr/4.8.2/../../../avr/lib/avr5/libm.a(mulsf3x.o)
 .data          0x0000000000800060        0x0 /usr/lib/gcc/avr/4.8.2/../../../avr/lib/avr5/libm.a(fp_inf.o)
 .data          0x0000000000800060        0x0 /usr/lib/gcc/avr/4.8.2/../../../avr/lib/avr5/libm.a(fp_nan.o)
 .data          0x0000000000800060        0x0 /usr/lib/gcc/avr/4.8.2/../../../avr/lib/avr5/libm.a(fp_pscA.o)
 .data          0x0000000000800060        0x0 /usr/lib/gcc/avr/4.8.2/../../../avr/lib/avr5/libm.a(fp_pscB.o)
 .data          0x0000000000800060        0x0 /usr/lib/gcc/avr/4.8.2/../../../avr/lib/avr5/libm.a(fp_round.o)
 .data          0x0000000000800060        0x0 /usr/lib/gcc/avr/4.8.2/avr5/libgcc.a(_umulhisi3.o)
 .data          0x0000000000800060        0x0 /usr/lib/gcc/avr/4.8.2/avr5/libgcc.a(_muluhisi3.o)
 .data          0x0000000000800060        0x0 /usr/lib/gcc/avr/4.8.2/avr5/libgcc.a(_mulsi3.o)
 .data          0x0000000000800060        0x0 /usr/lib/gcc/avr/4.8.2/avr5/libgcc.a(_udivmodhi4.o)
 .data          0x0000000000800060        0x0 /usr/lib/gcc/avr/4.8.2/avr5/libgcc.a(_udivmodsi4.o)
 .data          0x0000000000800060        0x0 /usr/lib/gcc/avr/4.8.2/avr5/libgcc.a(_exit.o)
 .data          0x0000000000800060        0x0 /usr/lib/gcc/avr/4.8.2/avr5/libgcc.a(_tablejump.o)
 .data          0x0000000000800060        0x0 /usr/lib/gcc/avr/4.8.2/avr5/libgcc.a(_copy_data.o)
 .data          0x0000000000800060        0x0 /usr/lib/gcc/avr/4.8.2/avr5/libgcc.a(_clear_bss.o)
 *(.data*)
 *(.rodata)
 *(.rodata*)
 .rodata.str1.1
                0x0000000000800060        0xb UART_routines.o
 .rodata.str1.1
                0x000000000080006b       0x14 FAT32.o
 *(.gnu.linkonce.d*)
                0x0000000000800080                . = ALIGN (0x2)
 *fill*         0x000000000080007f        0x1 
                0x0000000000800080                _edata = .
                0x0000000000800080                PROVIDE (__data_end, .)

.bss            0x0000000000800080      0x2c3
                0x0000000000800080                PROVIDE (__bss_start, .)
 *(.bss)
 .bss           0x0000000000800080        0x0 /usr/lib/gcc/avr/4.8.2/../../../avr/lib/avr5/crtm32.o
 .bss           0x0000000000800080        0x0 main.o
 .bss           0x0000000000800080        0x0 UART_routines.o
 .bss           0x0000000000800080        0x0 ADC_routines.o
 .bss           0x0000000000800080        0x0 FAT32.o
 .bss           0x0000000000800080        0x0 i2c_routines.o
 .bss           0x0000000000800080        0x0 RTC_routines.o
 .bss           0x0000000000800080        0x0 SD_routines.o
 .bss           0x0000000000800080        0x0 SPI_routines.o
 .bss           0x0000000000800080        0x0 /usr/lib/gcc/avr/4.8.2/../../../avr/lib/avr5/libm.a(fixunssfsi.o)
 .bss           0x0000000000800080        0x0 /usr/lib/gcc/avr/4.8.2/../../../avr/lib/avr5/libm.a(floatsisf.o)
 .bss           0x0000000000800080        0x0 /usr/lib/gcc/avr/4.8.2/../../../avr/lib/avr5/libm.a(fp_split3.o)
 .bss           0x0000000000800080        0x0 /usr/lib/gcc/avr/4.8.2/../../../avr/lib/avr5/libm.a(fp_zero.o)
 .bss           0x0000000000800080        0x0 /usr/lib/gcc/avr/4.8.2/../../../avr/lib/avr5/libm.a(mulsf3.o)
 .bss           0x0000000000800080        0x0 /usr/lib/gcc/avr/4.8.2/../../../avr/lib/avr5/libm.a(mulsf3x.o)
 .bss           0x0000000000800080        0x0 /usr/lib/gcc/avr/4.8.2/../../../avr/lib/avr5/libm.a(fp_inf.o)
 .bss           0x0000000000800080        0x0 /usr/lib/gcc/avr/4.8.2/../../../avr/lib/avr5/libm.a(fp_nan.o)
 .bss           0x0000000000800080        0x0 /usr/lib/gcc/avr/4.8.2/../../../avr/lib/avr5/libm.a(fp_pscA.o)
 .bss           0x0000000000800080        0x0 /usr/lib/gcc/avr/4.8.2/../../../avr/lib/avr5/libm.a(fp_pscB.o)
 .bss           0x0000000000800080        0x0 /usr/lib/gcc/avr/4.8.2/../../../avr/lib/avr5/libm.a(fp_round.o)
 .bss           0x0000000000800080        0x0 /usr/lib/gcc/avr/4.8.2/avr5/libgcc.a(_umulhisi3.o)
 .bss           0x0000000000800080        0x0 /usr/lib/gcc/avr/4.8.2/avr5/libgcc.a(_muluhisi3.o)
 .bss           0x0000000000800080        0x0 /usr/lib/gcc/avr/4.8.2/avr5/libgcc.a(_mulsi3.o)
 .bss           0x0000000000800080        0x0 /usr/lib/gcc/avr/4.8.2/avr5/libgcc.a(_udivmodhi4.o)
 .bss           0x0000000000800080        0x0 /usr/lib/gcc/avr/4.8.2/avr5/libgcc.a(_udivmodsi4.o)
 .bss           0x0000000000800080        0x0 /usr/lib/gcc/avr/4.8.2/avr5/libgcc.a(_exit.o)
 .bss           0x0000000000800080        0x0 /usr/lib/gcc/avr/4.8.2/avr5/libgcc.a(_tablejump.o)
 .bss           0x0000000000800080        0x0 /usr/lib/gcc/avr/4.8.2/avr5/libgcc.a(_copy_data.o)
 .bss           0x0000000000800080        0x0 /usr/lib/gcc/avr/4.8.2/avr5/libgcc.a(_clear_bss.o)
 *(.bss*)
 *(COMMON)
 COMMON         0x0000000000800080      0x2c3 main.o
                0x0000000000800080                rtc_register
                0x0000000000800087                appendFileLocation
                0x000000000080008b                dateFAT
                0x000000000080008d                firstDataSector
                0x0000000000800091                fileSize
                0x0000000000800095                bytesPerSector
                0x0000000000800097                totalClusters
                0x000000000080009b                temperature
                0x00000000008000a2                rootCluster
                0x00000000008000a6                timeFAT
                0x00000000008000a8                voltage
                0x00000000008000af                startBlock
                0x00000000008000b3                buffer
                0x00000000008002b3                sectorPerCluster
                0x00000000008002b5                unusedSectors
                0x00000000008002b9                SDHC_flag
                0x00000000008002ba                totalBlocks
                0x00000000008002be                reservedSectorCount
                0x00000000008002c0                time
                0x00000000008002c9                appendStartCluster
                0x00000000008002cd                dataString
                0x0000000000800331                cardType
                0x0000000000800332                day
                0x0000000000800333                date
                0x000000000080033e                freeClusterCountUpdated
                0x000000000080033f                appendFileSector
                0x0000000000800343                PROVIDE (__bss_end, .)
                0x0000000000002b86                __data_load_start = LOADADDR (.data)
                0x0000000000002ba6                __data_load_end = (__data_load_start + SIZEOF (.data))

.noinit         0x0000000000800343        0x0
                0x0000000000800343                PROVIDE (__noinit_start, .)
 *(.noinit*)
                0x0000000000800343                PROVIDE (__noinit_end, .)
                0x0000000000800343                _end = .
                0x0000000000800343                PROVIDE (__heap_start, .)

.eeprom         0x0000000000810000        0x0
 *(.eeprom*)
                0x0000000000810000                __eeprom_end = .

.fuse
 *(.fuse)
 *(.lfuse)
 *(.hfuse)
 *(.efuse)

.lock
 *(.lock*)

.signature
 *(.signature*)

.user_signatures
 *(.user_signatures*)

.stab           0x0000000000000000     0x1674
 *(.stab)
 .stab          0x0000000000000000      0x6cc /usr/lib/gcc/avr/4.8.2/../../../avr/lib/avr5/crtm32.o
 .stab          0x00000000000006cc      0x240 /usr/lib/gcc/avr/4.8.2/../../../avr/lib/avr5/libm.a(fixunssfsi.o)
                                        0x24c (size before relaxing)
 .stab          0x000000000000090c      0x318 /usr/lib/gcc/avr/4.8.2/../../../avr/lib/avr5/libm.a(floatsisf.o)
                                        0x324 (size before relaxing)
 .stab          0x0000000000000c24      0x1d4 /usr/lib/gcc/avr/4.8.2/../../../avr/lib/avr5/libm.a(fp_split3.o)
                                        0x1e0 (size before relaxing)
 .stab          0x0000000000000df8       0x90 /usr/lib/gcc/avr/4.8.2/../../../avr/lib/avr5/libm.a(fp_zero.o)
                                         0x9c (size before relaxing)
 .stab          0x0000000000000e88       0x48 /usr/lib/gcc/avr/4.8.2/../../../avr/lib/avr5/libm.a(mulsf3.o)
                                         0x54 (size before relaxing)
 .stab          0x0000000000000ed0      0x4d4 /usr/lib/gcc/avr/4.8.2/../../../avr/lib/avr5/libm.a(mulsf3x.o)
                                        0x4e0 (size before relaxing)
 .stab          0x00000000000013a4       0x78 /usr/lib/gcc/avr/4.8.2/../../../avr/lib/avr5/libm.a(fp_inf.o)
                                         0x84 (size before relaxing)
 .stab          0x000000000000141c       0x54 /usr/lib/gcc/avr/4.8.2/../../../avr/lib/avr5/libm.a(fp_nan.o)
                                         0x60 (size before relaxing)
 .stab          0x0000000000001470       0x84 /usr/lib/gcc/avr/4.8.2/../../../avr/lib/avr5/libm.a(fp_pscA.o)
                                         0x90 (size before relaxing)
 .stab          0x00000000000014f4       0x84 /usr/lib/gcc/avr/4.8.2/../../../avr/lib/avr5/libm.a(fp_pscB.o)
                                         0x90 (size before relaxing)
 .stab          0x0000000000001578       0xfc /usr/lib/gcc/avr/4.8.2/../../../avr/lib/avr5/libm.a(fp_round.o)
                                        0x108 (size before relaxing)

.stabstr        0x0000000000000000      0x253
 *(.stabstr)
 .stabstr       0x0000000000000000      0x253 /usr/lib/gcc/avr/4.8.2/../../../avr/lib/avr5/crtm32.o

.stab.excl
 *(.stab.excl)

.stab.exclstr
 *(.stab.exclstr)

.stab.index
 *(.stab.index)

.stab.indexstr
 *(.stab.indexstr)

.comment        0x0000000000000000       0x11
 *(.comment)
 .comment       0x0000000000000000       0x11 main.o
                                         0x12 (size before relaxing)
 .comment       0x0000000000000000       0x12 UART_routines.o
 .comment       0x0000000000000000       0x12 ADC_routines.o
 .comment       0x0000000000000000       0x12 FAT32.o
 .comment       0x0000000000000000       0x12 i2c_routines.o
 .comment       0x0000000000000000       0x12 RTC_routines.o
 .comment       0x0000000000000000       0x12 SD_routines.o
 .comment       0x0000000000000000       0x12 SPI_routines.o

.debug
 *(.debug)

.line
 *(.line)

.debug_srcinfo
 *(.debug_srcinfo)

.debug_sfnames
 *(.debug_sfnames)

.debug_aranges  0x0000000000000000      0x108
 *(.debug_aranges)
 .debug_aranges
                0x0000000000000000       0x28 main.o
 .debug_aranges
                0x0000000000000028       0x20 UART_routines.o
 .debug_aranges
                0x0000000000000048       0x20 ADC_routines.o
 .debug_aranges
                0x0000000000000068       0x20 FAT32.o
 .debug_aranges
                0x0000000000000088       0x20 i2c_routines.o
 .debug_aranges
                0x00000000000000a8       0x20 RTC_routines.o
 .debug_aranges
                0x00000000000000c8       0x20 SD_routines.o
 .debug_aranges
                0x00000000000000e8       0x20 SPI_routines.o

.debug_pubnames
 *(.debug_pubnames)

.debug_info     0x0000000000000000     0x3910
 *(.debug_info)
 .debug_info    0x0000000000000000      0xbb7 main.o
 .debug_info    0x0000000000000bb7      0x257 UART_routines.o
 .debug_info    0x0000000000000e0e      0x1c3 ADC_routines.o
 .debug_info    0x0000000000000fd1     0x15f1 FAT32.o
 .debug_info    0x00000000000025c2      0x186 i2c_routines.o
 .debug_info    0x0000000000002748      0xadd RTC_routines.o
 .debug_info    0x0000000000003225      0x616 SD_routines.o
 .debug_info    0x000000000000383b       0xd5 SPI_routines.o
 *(.gnu.linkonce.wi.*)

.debug_abbrev   0x0000000000000000      0xbc2
 *(.debug_abbrev)
 .debug_abbrev  0x0000000000000000      0x272 main.o
 .debug_abbrev  0x0000000000000272      0x141 UART_routines.o
 .debug_abbrev  0x00000000000003b3       0xe0 ADC_routines.o
 .debug_abbrev  0x0000000000000493      0x268 FAT32.o
 .debug_abbrev  0x00000000000006fb       0xb0 i2c_routines.o
 .debug_abbrev  0x00000000000007ab      0x23e RTC_routines.o
 .debug_abbrev  0x00000000000009e9      0x136 SD_routines.o
 .debug_abbrev  0x0000000000000b1f       0xa3 SPI_routines.o

.debug_line     0x0000000000000000      0xa9c
 *(.debug_line)
 .debug_line    0x0000000000000000      0x23d main.o
 .debug_line    0x000000000000023d       0x9f UART_routines.o
 .debug_line    0x00000000000002dc       0xa5 ADC_routines.o
 .debug_line    0x0000000000000381      0x305 FAT32.o
 .debug_line    0x0000000000000686       0xa4 i2c_routines.o
 .debug_line    0x000000000000072a      0x199 RTC_routines.o
 .debug_line    0x00000000000008c3      0x169 SD_routines.o
 .debug_line    0x0000000000000a2c       0x70 SPI_routines.o

.debug_frame    0x0000000000000000      0x814
 *(.debug_frame)
 .debug_frame   0x0000000000000000       0x68 main.o
 .debug_frame   0x0000000000000068       0xa0 UART_routines.o
 .debug_frame   0x0000000000000108       0x54 ADC_routines.o
 .debug_frame   0x000000000000015c      0x3d4 FAT32.o
 .debug_frame   0x0000000000000530       0x94 i2c_routines.o
 .debug_frame   0x00000000000005c4      0x124 RTC_routines.o
 .debug_frame   0x00000000000006e8       0xe8 SD_routines.o
 .debug_frame   0x00000000000007d0       0x44 SPI_routines.o

.debug_str      0x0000000000000000      0xa7d
 *(.debug_str)
 .debug_str     0x0000000000000000      0x431 main.o
                                        0x483 (size before relaxing)
 .debug_str     0x0000000000000431       0x5a UART_routines.o
                                        0x1b2 (size before relaxing)
 .debug_str     0x000000000000048b       0x44 ADC_routines.o
                                        0x18a (size before relaxing)
 .debug_str     0x00000000000004cf      0x438 FAT32.o
                                        0x783 (size before relaxing)
 .debug_str     0x0000000000000907       0x87 i2c_routines.o
                                        0x18c (size before relaxing)
 .debug_str     0x000000000000098e       0x8d RTC_routines.o
                                        0x2c4 (size before relaxing)
 .debug_str     0x0000000000000a1b       0x53 SD_routines.o
                                        0x1cd (size before relaxing)
 .debug_str     0x0000000000000a6e        0xf SPI_routines.o
                                        0x12d (size before relaxing)

.debug_loc      0x0000000000000000     0x3075
 *(.debug_loc)
 .debug_loc     0x0000000000000000      0x53a main.o
 .debug_loc     0x000000000000053a      0x2ac UART_routines.o
 .debug_loc     0x00000000000007e6      0x253 ADC_routines.o
 .debug_loc     0x0000000000000a39     0x178e FAT32.o
 .debug_loc     0x00000000000021c7       0x5a i2c_routines.o
 .debug_loc     0x0000000000002221      0x747 RTC_routines.o
 .debug_loc     0x0000000000002968      0x6ef SD_routines.o
 .debug_loc     0x0000000000003057       0x1e SPI_routines.o

.debug_macinfo
 *(.debug_macinfo)

.debug_pubtypes
 *(.debug_pubtypes)

.debug_ranges   0x0000000000000000       0x18
 *(.debug_ranges)
 .debug_ranges  0x0000000000000000       0x18 main.o

.debug_macro
 *(.debug_macro)
OUTPUT(main.elf elf32-avr)
LOAD linker stubs

Cross Reference Table

Symbol                                            File
ADC_init                                          ADC_routines.o
                                                  main.o
ADC_read                                          ADC_routines.o
RTC_displayDate                                   RTC_routines.o
                                                  main.o
RTC_displayDay                                    RTC_routines.o
RTC_displayTime                                   RTC_routines.o
                                                  main.o
RTC_getDate                                       RTC_routines.o
                                                  main.o
RTC_getTime                                       RTC_routines.o
                                                  main.o
RTC_read                                          RTC_routines.o
RTC_setStartAddress                               RTC_routines.o
RTC_updateDate                                    RTC_routines.o
                                                  main.o
RTC_updateRegisters                               RTC_routines.o
RTC_updateTime                                    RTC_routines.o
                                                  main.o
RTC_writeDate                                     RTC_routines.o
RTC_writeTime                                     RTC_routines.o
SDHC_flag                                         SD_routines.o
                                                  FAT32.o
                                                  main.o
SD_erase                                          SD_routines.o
SD_init                                           SD_routines.o
                                                  main.o
SD_readSingleBlock                                SD_routines.o
                                                  FAT32.o
SD_sendCommand                                    SD_routines.o
SD_writeSingleBlock                               SD_routines.o
                                                  FAT32.o
SPI_receive                                       SPI_routines.o
                                                  SD_routines.o
SPI_transmit                                      SPI_routines.o
                                                  SD_routines.o
__bad_interrupt                                   /usr/lib/gcc/avr/4.8.2/../../../avr/lib/avr5/crtm32.o
__bss_end                                         /usr/lib/gcc/avr/4.8.2/avr5/libgcc.a(_clear_bss.o)
__bss_start                                       /usr/lib/gcc/avr/4.8.2/avr5/libgcc.a(_clear_bss.o)
__data_end                                        /usr/lib/gcc/avr/4.8.2/avr5/libgcc.a(_copy_data.o)
__data_load_start                                 /usr/lib/gcc/avr/4.8.2/avr5/libgcc.a(_copy_data.o)
__data_start                                      /usr/lib/gcc/avr/4.8.2/avr5/libgcc.a(_copy_data.o)
__do_clear_bss                                    /usr/lib/gcc/avr/4.8.2/avr5/libgcc.a(_clear_bss.o)
                                                  SD_routines.o
                                                  RTC_routines.o
                                                  FAT32.o
                                                  ADC_routines.o
                                                  main.o
__do_copy_data                                    /usr/lib/gcc/avr/4.8.2/avr5/libgcc.a(_copy_data.o)
                                                  FAT32.o
                                                  UART_routines.o
__fixunssfsi                                      /usr/lib/gcc/avr/4.8.2/../../../avr/lib/avr5/libm.a(fixunssfsi.o)
                                                  ADC_routines.o
__floatsisf                                       /usr/lib/gcc/avr/4.8.2/../../../avr/lib/avr5/libm.a(floatsisf.o)
__floatunsisf                                     /usr/lib/gcc/avr/4.8.2/../../../avr/lib/avr5/libm.a(floatsisf.o)
                                                  ADC_routines.o
__fp_inf                                          /usr/lib/gcc/avr/4.8.2/../../../avr/lib/avr5/libm.a(fp_inf.o)
                                                  /usr/lib/gcc/avr/4.8.2/../../../avr/lib/avr5/libm.a(mulsf3x.o)
__fp_nan                                          /usr/lib/gcc/avr/4.8.2/../../../avr/lib/avr5/libm.a(fp_nan.o)
                                                  /usr/lib/gcc/avr/4.8.2/../../../avr/lib/avr5/libm.a(mulsf3x.o)
__fp_pscA                                         /usr/lib/gcc/avr/4.8.2/../../../avr/lib/avr5/libm.a(fp_pscA.o)
                                                  /usr/lib/gcc/avr/4.8.2/../../../avr/lib/avr5/libm.a(mulsf3x.o)
__fp_pscB                                         /usr/lib/gcc/avr/4.8.2/../../../avr/lib/avr5/libm.a(fp_pscB.o)
                                                  /usr/lib/gcc/avr/4.8.2/../../../avr/lib/avr5/libm.a(mulsf3x.o)
__fp_round                                        /usr/lib/gcc/avr/4.8.2/../../../avr/lib/avr5/libm.a(fp_round.o)
                                                  /usr/lib/gcc/avr/4.8.2/../../../avr/lib/avr5/libm.a(mulsf3.o)
__fp_split3                                       /usr/lib/gcc/avr/4.8.2/../../../avr/lib/avr5/libm.a(fp_split3.o)
                                                  /usr/lib/gcc/avr/4.8.2/../../../avr/lib/avr5/libm.a(mulsf3x.o)
__fp_splitA                                       /usr/lib/gcc/avr/4.8.2/../../../avr/lib/avr5/libm.a(fp_split3.o)
                                                  /usr/lib/gcc/avr/4.8.2/../../../avr/lib/avr5/libm.a(fixunssfsi.o)
__fp_szero                                        /usr/lib/gcc/avr/4.8.2/../../../avr/lib/avr5/libm.a(fp_zero.o)
                                                  /usr/lib/gcc/avr/4.8.2/../../../avr/lib/avr5/libm.a(mulsf3x.o)
__fp_zero                                         /usr/lib/gcc/avr/4.8.2/../../../avr/lib/avr5/libm.a(fp_zero.o)
                                                  /usr/lib/gcc/avr/4.8.2/../../../avr/lib/avr5/libm.a(fixunssfsi.o)
__heap_end                                        /usr/lib/gcc/avr/4.8.2/../../../avr/lib/avr5/crtm32.o
__init                                            /usr/lib/gcc/avr/4.8.2/../../../avr/lib/avr5/crtm32.o
__mulsf3                                          /usr/lib/gcc/avr/4.8.2/../../../avr/lib/avr5/libm.a(mulsf3.o)
                                                  ADC_routines.o
__mulsf3_pse                                      /usr/lib/gcc/avr/4.8.2/../../../avr/lib/avr5/libm.a(mulsf3x.o)
__mulsf3x                                         /usr/lib/gcc/avr/4.8.2/../../../avr/lib/avr5/libm.a(mulsf3x.o)
                                                  /usr/lib/gcc/avr/4.8.2/../../../avr/lib/avr5/libm.a(mulsf3.o)
__mulsi3                                          /usr/lib/gcc/avr/4.8.2/avr5/libgcc.a(_mulsi3.o)
                                                  FAT32.o
__muluhisi3                                       /usr/lib/gcc/avr/4.8.2/avr5/libgcc.a(_muluhisi3.o)
                                                  /usr/lib/gcc/avr/4.8.2/avr5/libgcc.a(_mulsi3.o)
                                                  FAT32.o
__stack                                           /usr/lib/gcc/avr/4.8.2/../../../avr/lib/avr5/crtm32.o
__tablejump2__                                    /usr/lib/gcc/avr/4.8.2/avr5/libgcc.a(_tablejump.o)
                                                  RTC_routines.o
                                                  main.o
__tablejump__                                     /usr/lib/gcc/avr/4.8.2/avr5/libgcc.a(_tablejump.o)
__udivmodhi4                                      /usr/lib/gcc/avr/4.8.2/avr5/libgcc.a(_udivmodhi4.o)
                                                  ADC_routines.o
__udivmodsi4                                      /usr/lib/gcc/avr/4.8.2/avr5/libgcc.a(_udivmodsi4.o)
                                                  FAT32.o
__umulhisi3                                       /usr/lib/gcc/avr/4.8.2/avr5/libgcc.a(_umulhisi3.o)
                                                  /usr/lib/gcc/avr/4.8.2/avr5/libgcc.a(_muluhisi3.o)
                                                  FAT32.o
__vector_1                                        /usr/lib/gcc/avr/4.8.2/../../../avr/lib/avr5/crtm32.o
__vector_10                                       /usr/lib/gcc/avr/4.8.2/../../../avr/lib/avr5/crtm32.o
__vector_11                                       /usr/lib/gcc/avr/4.8.2/../../../avr/lib/avr5/crtm32.o
__vector_12                                       /usr/lib/gcc/avr/4.8.2/../../../avr/lib/avr5/crtm32.o
__vector_13                                       /usr/lib/gcc/avr/4.8.2/../../../avr/lib/avr5/crtm32.o
__vector_14                                       /usr/lib/gcc/avr/4.8.2/../../../avr/lib/avr5/crtm32.o
__vector_15                                       /usr/lib/gcc/avr/4.8.2/../../../avr/lib/avr5/crtm32.o
__vector_16                                       /usr/lib/gcc/avr/4.8.2/../../../avr/lib/avr5/crtm32.o
__vector_17                                       /usr/lib/gcc/avr/4.8.2/../../../avr/lib/avr5/crtm32.o
__vector_18                                       /usr/lib/gcc/avr/4.8.2/../../../avr/lib/avr5/crtm32.o
__vector_19                                       /usr/lib/gcc/avr/4.8.2/../../../avr/lib/avr5/crtm32.o
__vector_2                                        /usr/lib/gcc/avr/4.8.2/../../../avr/lib/avr5/crtm32.o
__vector_20                                       /usr/lib/gcc/avr/4.8.2/../../../avr/lib/avr5/crtm32.o
__vector_3                                        /usr/lib/gcc/avr/4.8.2/../../../avr/lib/avr5/crtm32.o
__vector_4                                        /usr/lib/gcc/avr/4.8.2/../../../avr/lib/avr5/crtm32.o
__vector_5                                        /usr/lib/gcc/avr/4.8.2/../../../avr/lib/avr5/crtm32.o
__vector_6                                        /usr/lib/gcc/avr/4.8.2/../../../avr/lib/avr5/crtm32.o
__vector_7                                        /usr/lib/gcc/avr/4.8.2/../../../avr/lib/avr5/crtm32.o
__vector_8                                        /usr/lib/gcc/avr/4.8.2/../../../avr/lib/avr5/crtm32.o
__vector_9                                        /usr/lib/gcc/avr/4.8.2/../../../avr/lib/avr5/crtm32.o
__vector_default                                  /usr/lib/gcc/avr/4.8.2/../../../avr/lib/avr5/crtm32.o
__vectors                                         /usr/lib/gcc/avr/4.8.2/../../../avr/lib/avr5/crtm32.o
_exit                                             /usr/lib/gcc/avr/4.8.2/avr5/libgcc.a(_exit.o)
appendFileLocation                                FAT32.o
                                                  main.o
appendFileSector                                  FAT32.o
                                                  main.o
appendStartCluster                                FAT32.o
                                                  main.o
blinkRedLED                                       main.o
buffer                                            SD_routines.o
                                                  FAT32.o
                                                  main.o
bytesPerSector                                    FAT32.o
                                                  main.o
cardType                                          SD_routines.o
                                                  FAT32.o
                                                  main.o
convertFileName                                   FAT32.o
dataString                                        FAT32.o
                                                  main.o
date                                              RTC_routines.o
                                                  FAT32.o
                                                  main.o
dateFAT                                           RTC_routines.o
                                                  FAT32.o
                                                  main.o
day                                               RTC_routines.o
                                                  FAT32.o
                                                  main.o
deleteFile                                        FAT32.o
                                                  main.o
displayMemory                                     FAT32.o
exit                                              /usr/lib/gcc/avr/4.8.2/avr5/libgcc.a(_exit.o)
                                                  /usr/lib/gcc/avr/4.8.2/../../../avr/lib/avr5/crtm32.o
fileSize                                          FAT32.o
                                                  main.o
findFiles                                         FAT32.o
                                                  main.o
firstDataSector                                   FAT32.o
                                                  main.o
freeClusterCountUpdated                           FAT32.o
                                                  main.o
freeMemoryUpdate                                  FAT32.o
getBootSectorData                                 FAT32.o
                                                  main.o
getDateTime_FAT                                   RTC_routines.o
                                                  FAT32.o
getFirstSector                                    FAT32.o
getSetFreeCluster                                 FAT32.o
getSetNextCluster                                 FAT32.o
i2c_receiveData_ACK                               i2c_routines.o
                                                  RTC_routines.o
i2c_receiveData_NACK                              i2c_routines.o
                                                  RTC_routines.o
i2c_repeatStart                                   i2c_routines.o
                                                  RTC_routines.o
i2c_sendAddress                                   i2c_routines.o
                                                  RTC_routines.o
i2c_sendData                                      i2c_routines.o
                                                  RTC_routines.o
i2c_start                                         i2c_routines.o
                                                  RTC_routines.o
i2c_stop                                          i2c_routines.o
                                                  RTC_routines.o
init_devices                                      main.o
main                                              main.o
                                                  /usr/lib/gcc/avr/4.8.2/../../../avr/lib/avr5/crtm32.o
port_init                                         main.o
readFile                                          FAT32.o
                                                  main.o
readTemperature                                   ADC_routines.o
                                                  main.o
readVoltage                                       ADC_routines.o
                                                  main.o
receiveByte                                       UART_routines.o
                                                  RTC_routines.o
                                                  main.o
reservedSectorCount                               FAT32.o
                                                  main.o
rootCluster                                       FAT32.o
                                                  main.o
rtc_register                                      RTC_routines.o
                                                  FAT32.o
                                                  main.o
searchNextFreeCluster                             FAT32.o
sectorPerCluster                                  FAT32.o
                                                  main.o
spi_init                                          SPI_routines.o
                                                  main.o
startBlock                                        SD_routines.o
                                                  FAT32.o
                                                  main.o
temperature                                       ADC_routines.o
                                                  main.o
time                                              RTC_routines.o
                                                  FAT32.o
                                                  main.o
timeFAT                                           RTC_routines.o
                                                  FAT32.o
                                                  main.o
totalBlocks                                       SD_routines.o
                                                  FAT32.o
                                                  main.o
totalClusters                                     FAT32.o
                                                  main.o
transmitByte                                      UART_routines.o
                                                  SD_routines.o
                                                  RTC_routines.o
                                                  FAT32.o
                                                  main.o
transmitHex                                       UART_routines.o
transmitString                                    UART_routines.o
                                                  RTC_routines.o
                                                  FAT32.o
transmitString_F                                  UART_routines.o
                                                  RTC_routines.o
                                                  FAT32.o
                                                  main.o
twi_init                                          i2c_routines.o
                                                  main.o
uart0_init                                        UART_routines.o
                                                  main.o
unusedSectors                                     FAT32.o
                                                  main.o
voltage                                           ADC_routines.o
                                                  main.o
writeFile                                         FAT32.o
                                                  main.o
